C:\Users\James\IdeaProjects\TerionCore\src\main\java\Abilities\TokenAbility.java
C:\Users\James\IdeaProjects\TerionCore\src\main\java\Pickaxes\Pick.java
C:\Users\James\IdeaProjects\TerionCore\src\main\java\Listeners\CommandListener.java
C:\Users\James\IdeaProjects\TerionCore\src\main\java\User\PlayerHandler.java
C:\Users\James\IdeaProjects\TerionCore\src\main\java\Misc\BasePet.java
C:\Users\James\IdeaProjects\TerionCore\src\main\java\Enchantments\EnchantmentHandler.java
C:\Users\James\IdeaProjects\TerionCore\src\main\java\Misc\PetType.java
C:\Users\James\IdeaProjects\TerionCore\src\main\java\Misc\TokenPet.java
C:\Users\James\IdeaProjects\TerionCore\src\main\java\Abilities\BaseAbility.java
C:\Users\James\IdeaProjects\TerionCore\src\main\java\Enchantments\Enc.java
C:\Users\James\IdeaProjects\TerionCore\src\main\java\Core\Calc.java
C:\Users\James\IdeaProjects\TerionCore\src\main\java\User\User.java
C:\Users\James\IdeaProjects\TerionCore\src\main\java\Core\Main.java
C:\Users\James\IdeaProjects\TerionCore\src\main\java\Mining\BlockDrops.java
C:\Users\James\IdeaProjects\TerionCore\src\main\java\Listeners\PlayerListener.java
